------------------------------------------------------------
Timing Analyzer Summary
------------------------------------------------------------

Type  : Slow 1200mV 85C Model Setup 'clk'
Slack : -5.657
TNS   : -93.694

Type  : Slow 1200mV 85C Model Setup 'siguiente'
Slack : -0.940
TNS   : -8.316

Type  : Slow 1200mV 85C Model Setup 'aceptar'
Slack : -0.933
TNS   : -2.747

Type  : Slow 1200mV 85C Model Hold 'siguiente'
Slack : 0.426
TNS   : 0.000

Type  : Slow 1200mV 85C Model Hold 'clk'
Slack : 0.640
TNS   : 0.000

Type  : Slow 1200mV 85C Model Hold 'aceptar'
Slack : 0.710
TNS   : 0.000

Type  : Slow 1200mV 85C Model Recovery 'siguiente'
Slack : -0.386
TNS   : -4.376

Type  : Slow 1200mV 85C Model Recovery 'aceptar'
Slack : -0.324
TNS   : -1.290

Type  : Slow 1200mV 85C Model Removal 'siguiente'
Slack : 0.890
TNS   : 0.000

Type  : Slow 1200mV 85C Model Removal 'aceptar'
Slack : 0.937
TNS   : 0.000

Type  : Slow 1200mV 85C Model Minimum Pulse Width 'clk'
Slack : -3.000
TNS   : -121.678

Type  : Slow 1200mV 85C Model Minimum Pulse Width 'siguiente'
Slack : -3.000
TNS   : -19.836

Type  : Slow 1200mV 85C Model Minimum Pulse Width 'aceptar'
Slack : -3.000
TNS   : -8.612

Type  : Slow 1200mV 0C Model Setup 'clk'
Slack : -5.279
TNS   : -82.583

Type  : Slow 1200mV 0C Model Setup 'siguiente'
Slack : -0.762
TNS   : -6.474

Type  : Slow 1200mV 0C Model Setup 'aceptar'
Slack : -0.752
TNS   : -2.126

Type  : Slow 1200mV 0C Model Hold 'siguiente'
Slack : 0.393
TNS   : 0.000

Type  : Slow 1200mV 0C Model Hold 'clk'
Slack : 0.569
TNS   : 0.000

Type  : Slow 1200mV 0C Model Hold 'aceptar'
Slack : 0.655
TNS   : 0.000

Type  : Slow 1200mV 0C Model Recovery 'siguiente'
Slack : -0.264
TNS   : -2.956

Type  : Slow 1200mV 0C Model Recovery 'aceptar'
Slack : -0.208
TNS   : -0.826

Type  : Slow 1200mV 0C Model Removal 'siguiente'
Slack : 0.811
TNS   : 0.000

Type  : Slow 1200mV 0C Model Removal 'aceptar'
Slack : 0.858
TNS   : 0.000

Type  : Slow 1200mV 0C Model Minimum Pulse Width 'clk'
Slack : -3.000
TNS   : -117.317

Type  : Slow 1200mV 0C Model Minimum Pulse Width 'siguiente'
Slack : -3.000
TNS   : -19.836

Type  : Slow 1200mV 0C Model Minimum Pulse Width 'aceptar'
Slack : -3.000
TNS   : -8.612

Type  : Fast 1200mV 0C Model Setup 'clk'
Slack : -1.857
TNS   : -14.280

Type  : Fast 1200mV 0C Model Setup 'siguiente'
Slack : 0.227
TNS   : 0.000

Type  : Fast 1200mV 0C Model Setup 'aceptar'
Slack : 0.240
TNS   : 0.000

Type  : Fast 1200mV 0C Model Hold 'siguiente'
Slack : 0.169
TNS   : 0.000

Type  : Fast 1200mV 0C Model Hold 'clk'
Slack : 0.276
TNS   : 0.000

Type  : Fast 1200mV 0C Model Hold 'aceptar'
Slack : 0.281
TNS   : 0.000

Type  : Fast 1200mV 0C Model Recovery 'siguiente'
Slack : 0.366
TNS   : 0.000

Type  : Fast 1200mV 0C Model Recovery 'aceptar'
Slack : 0.405
TNS   : 0.000

Type  : Fast 1200mV 0C Model Removal 'siguiente'
Slack : 0.402
TNS   : 0.000

Type  : Fast 1200mV 0C Model Removal 'aceptar'
Slack : 0.420
TNS   : 0.000

Type  : Fast 1200mV 0C Model Minimum Pulse Width 'clk'
Slack : -3.000
TNS   : -56.332

Type  : Fast 1200mV 0C Model Minimum Pulse Width 'siguiente'
Slack : -3.000
TNS   : -18.324

Type  : Fast 1200mV 0C Model Minimum Pulse Width 'aceptar'
Slack : -3.000
TNS   : -7.548

------------------------------------------------------------
